<style>
.prompt { color: green; }
.cmd { color: blue; }
</style>

<pre include="backslash.py"><code>print &quot;Hello\\n\n&quot;
print &quot;What about $blah$&quot;
# $$</code></pre>
