<ol style="list-style-type: decimal">
<li><p>This is a list.</p></li>
<li><p>Here is another list item.</p>
<pre include="indented.py"><code># Test

print &quot;Hello.&quot;
if x &gt; 5:
    print &quot;Indent.&quot;
print &quot;Goodbye.&quot;</code></pre>
<p>A second paragraph of item 2.</p></li>
<li><p>The third list item.</p></li>
</ol>
