We can select by markers in the code.

~~~~
  int y = x + 2;
  printf("%d %d\n", x, y);
  printf("OK\n");
  return 3.14;
~~~~

Testing begin only

~~~~
int main() {
  printf("Foo!\n");
  return 0;
}
~~~~

Testing end only.

~~~~
#include <time.h>
#include <stdio.h>
#include <stdlib.h>

int main() {
  printf("Foo!\n");
  return 0;
}
~~~~
