~~~~ {.python include="minimal.py"}
print "Hello, world."
~~~~
