<style>
.prompt { color: green; }
.cmd { color: blue; }
</style>

<p>Highlight prompts and shell commands.</p>
<pre class="sourceCode"><span class="prompt">liucs:~/cs643$</span><span class="cmd"> cd a4/build</span>
<span class="prompt">liucs:~/cs643/a4/build$</span><span class="cmd"> make</span>
[...]
32 bytes (32 B) copied, 0.000254176 s, 126 kB/s
cat vdi-header-2 &gt;&gt;vdi-header
cat vdi-header diskc.img &gt;diskc.vdi
cp diskc.vdi /mnt/host
rm libc/entry.o
<span class="prompt">liucs:~/cs643/a4/build$</span>
</pre>

